Γû▓ Next.js 16.2.1 (webpack)

  Creating an optimized production build ...
node.exe : Failed to 
compile.
At line:1 char:1
+ & "C:\Program 
Files\nodejs/node.exe" "C
:\Users\avkir\AppData\Roa
ming\ ...
+ ~~~~~~~~~~~~~~~~~~~~~~~
~~~~~~~~~~~~~~~~~~~~~~~~~
~~~~~~~~~~~~~~~~~~~~~
    + CategoryInfo       
       : NotSpecified:   
  (Failed to compile.:   
 String) [], RemoteEx    
ception
    + FullyQualifiedErro 
   rId : NativeCommandE  
  rror
 

./app/components/SplineDr
one.tsx
Module not found: 
Package path . is not 
exported from package C:\
Users\avkir\OneDrive\Desk
top\drone-disaster-fronte
nd\node_modules\@splineto
ol\react-spline (see 
exports field in C:\Users
\avkir\OneDrive\Desktop\d
rone-disaster-frontend\no
de_modules\@splinetool\re
act-spline\package.json)

https://nextjs.org/docs/m
essages/module-not-found

Import trace for 
requested module:
./app/components/LandingP
age.tsx


> Build failed because 
of webpack errors
